// Jest Snapshot v1, https://goo.gl/fbAQLP

exports[`Section should render as snapshot defines 1`] = `
<Jss(_Section)>
  <_Section
    classes={
      Object {
        "wrapper": "wrapper-0-1 wrapper-0-0",
      }
    }
    sheet={
      StyleSheet {
        "attached": true,
        "classes": Object {
          "wrapper": "wrapper-0-1 wrapper-0-0",
        },
        "deployed": true,
        "linked": true,
        "options": Object {
          "Renderer": [Function],
          "classes": Object {
            "wrapper": "wrapper-0-1 wrapper-0-0",
          },
          "generateClassName": [Function],
          "index": -99999,
          "insertionPoint": undefined,
          "jss": Jss {
            "generateClassName": [Function],
            "options": Object {
              "Renderer": [Function],
              "createGenerateClassName": [Function],
              "plugins": Array [
                Object {
                  "onCreateRule": [Function],
                  "onProcessRule": [Function],
                },
                Object {
                  "onProcessStyle": [Function],
                },
                Object {
                  "onProcessStyle": [Function],
                },
                Object {
                  "onProcessStyle": [Function],
                },
                Object {
                  "onProcessStyle": [Function],
                },
                Object {
                  "onChangeValue": [Function],
                  "onProcessStyle": [Function],
                },
                Object {
                  "onProcessStyle": [Function],
                },
                Object {
                  "onChangeValue": [Function],
                  "onProcessRule": [Function],
                  "onProcessStyle": [Function],
                },
                Object {
                  "onProcessStyle": [Function],
                },
              ],
            },
            "plugins": PluginsRegistry {
              "hooks": Object {
                "onChangeValue": Array [
                  [Function],
                  [Function],
                ],
                "onCreateRule": Array [
                  [Function],
                  [Function],
                  [Function],
                  [Function],
                  [Function],
                  [Function],
                  [Function],
                  [Function],
                  [Function],
                  [Function],
                ],
                "onProcessRule": Array [
                  [Function],
                  [Function],
                ],
                "onProcessSheet": Array [],
                "onProcessStyle": Array [
                  [Function],
                  [Function],
                  [Function],
                  [Function],
                  [Function],
                  [Function],
                  [Function],
                  [Function],
                ],
              },
            },
            "version": "8.1.0",
          },
          "link": true,
          "meta": "Jss(_Section), Unthemed, Dynamic",
          "parent": [Circular],
          "sheet": [Circular],
        },
        "renderer": DomRenderer {
          "element": <style
            data-jss=""
            data-meta="Jss(_Section), Unthemed, Dynamic"
            type="text/css"
          >
            
.wrapper-0-1 {
  background-color: #FBFCFC;
}

          </style>,
          "getSelector": [Function],
          "getStyle": [Function],
          "hasInsertedRules": false,
          "setSelector": [Function],
          "setStyle": [Function],
          "sheet": [Circular],
        },
        "rules": RuleList {
          "classes": Object {
            "wrapper": "wrapper-0-1 wrapper-0-0",
          },
          "index": Array [
            Object {
              "background-color": "#FBFCFC",
            },
          ],
          "map": Object {
            ".wrapper-0-1": Object {
              "background-color": "#FBFCFC",
            },
            "wrapper": Object {
              "background-color": "#FBFCFC",
            },
          },
          "options": Object {
            "Renderer": [Function],
            "classes": Object {
              "wrapper": "wrapper-0-1 wrapper-0-0",
            },
            "generateClassName": [Function],
            "index": -99999,
            "insertionPoint": undefined,
            "jss": Jss {
              "generateClassName": [Function],
              "options": Object {
                "Renderer": [Function],
                "createGenerateClassName": [Function],
                "plugins": Array [
                  Object {
                    "onCreateRule": [Function],
                    "onProcessRule": [Function],
                  },
                  Object {
                    "onProcessStyle": [Function],
                  },
                  Object {
                    "onProcessStyle": [Function],
                  },
                  Object {
                    "onProcessStyle": [Function],
                  },
                  Object {
                    "onProcessStyle": [Function],
                  },
                  Object {
                    "onChangeValue": [Function],
                    "onProcessStyle": [Function],
                  },
                  Object {
                    "onProcessStyle": [Function],
                  },
                  Object {
                    "onChangeValue": [Function],
                    "onProcessRule": [Function],
                    "onProcessStyle": [Function],
                  },
                  Object {
                    "onProcessStyle": [Function],
                  },
                ],
              },
              "plugins": PluginsRegistry {
                "hooks": Object {
                  "onChangeValue": Array [
                    [Function],
                    [Function],
                  ],
                  "onCreateRule": Array [
                    [Function],
                    [Function],
                    [Function],
                    [Function],
                    [Function],
                    [Function],
                    [Function],
                    [Function],
                    [Function],
                    [Function],
                  ],
                  "onProcessRule": Array [
                    [Function],
                    [Function],
                  ],
                  "onProcessSheet": Array [],
                  "onProcessStyle": Array [
                    [Function],
                    [Function],
                    [Function],
                    [Function],
                    [Function],
                    [Function],
                    [Function],
                    [Function],
                  ],
                },
              },
              "version": "8.1.0",
            },
            "link": true,
            "meta": "Jss(_Section), Unthemed, Dynamic",
            "parent": [Circular],
            "sheet": [Circular],
          },
          "raw": Object {
            "wrapper": Object {
              "backgroundColor": [Function],
              "composes": "wrapper-0-0",
            },
          },
        },
      }
    }
  >
    <div
      className="wrapper-0-1 wrapper-0-0"
    >
      <Jss(_ContentContainer)>
        <_ContentContainer
          classes={
            Object {
              "app": "app-0-2",
            }
          }
          sheet={
            StyleSheet {
              "0.42": null,
              "attached": true,
              "classes": Object {
                "app": "app-0-2",
              },
              "deployed": true,
              "linked": false,
              "options": Object {
                "Renderer": [Function],
                "classes": Object {
                  "app": "app-0-2",
                },
                "generateClassName": [Function],
                "index": -100000,
                "insertionPoint": undefined,
                "jss": Jss {
                  "generateClassName": [Function],
                  "options": Object {
                    "Renderer": [Function],
                    "createGenerateClassName": [Function],
                    "plugins": Array [
                      Object {
                        "onCreateRule": [Function],
                        "onProcessRule": [Function],
                      },
                      Object {
                        "onProcessStyle": [Function],
                      },
                      Object {
                        "onProcessStyle": [Function],
                      },
                      Object {
                        "onProcessStyle": [Function],
                      },
                      Object {
                        "onProcessStyle": [Function],
                      },
                      Object {
                        "onChangeValue": [Function],
                        "onProcessStyle": [Function],
                      },
                      Object {
                        "onProcessStyle": [Function],
                      },
                      Object {
                        "onChangeValue": [Function],
                        "onProcessRule": [Function],
                        "onProcessStyle": [Function],
                      },
                      Object {
                        "onProcessStyle": [Function],
                      },
                    ],
                  },
                  "plugins": PluginsRegistry {
                    "hooks": Object {
                      "onChangeValue": Array [
                        [Function],
                        [Function],
                      ],
                      "onCreateRule": Array [
                        [Function],
                        [Function],
                        [Function],
                        [Function],
                        [Function],
                        [Function],
                        [Function],
                        [Function],
                        [Function],
                        [Function],
                      ],
                      "onProcessRule": Array [
                        [Function],
                        [Function],
                      ],
                      "onProcessSheet": Array [],
                      "onProcessStyle": Array [
                        [Function],
                        [Function],
                        [Function],
                        [Function],
                        [Function],
                        [Function],
                        [Function],
                        [Function],
                      ],
                    },
                  },
                  "version": "8.1.0",
                },
                "meta": "Jss(_ContentContainer), Unthemed, Static",
                "parent": [Circular],
                "sheet": [Circular],
              },
              "renderer": DomRenderer {
                "element": <style
                  data-jss=""
                  data-meta="Jss(_ContentContainer), Unthemed, Static"
                  type="text/css"
                >
                  
.app-0-2 {
  margin: auto;
  max-width: 1200px;
}

                </style>,
                "getSelector": [Function],
                "getStyle": [Function],
                "hasInsertedRules": false,
                "setSelector": [Function],
                "setStyle": [Function],
                "sheet": [Circular],
              },
              "rules": RuleList {
                "classes": Object {
                  "app": "app-0-2",
                },
                "index": Array [
                  Object {
                    "margin": "auto",
                    "max-width": "1200px",
                  },
                ],
                "map": Object {
                  ".app-0-2": Object {
                    "margin": "auto",
                    "max-width": "1200px",
                  },
                  "app": Object {
                    "margin": "auto",
                    "max-width": "1200px",
                  },
                },
                "options": Object {
                  "Renderer": [Function],
                  "classes": Object {
                    "app": "app-0-2",
                  },
                  "generateClassName": [Function],
                  "index": -100000,
                  "insertionPoint": undefined,
                  "jss": Jss {
                    "generateClassName": [Function],
                    "options": Object {
                      "Renderer": [Function],
                      "createGenerateClassName": [Function],
                      "plugins": Array [
                        Object {
                          "onCreateRule": [Function],
                          "onProcessRule": [Function],
                        },
                        Object {
                          "onProcessStyle": [Function],
                        },
                        Object {
                          "onProcessStyle": [Function],
                        },
                        Object {
                          "onProcessStyle": [Function],
                        },
                        Object {
                          "onProcessStyle": [Function],
                        },
                        Object {
                          "onChangeValue": [Function],
                          "onProcessStyle": [Function],
                        },
                        Object {
                          "onProcessStyle": [Function],
                        },
                        Object {
                          "onChangeValue": [Function],
                          "onProcessRule": [Function],
                          "onProcessStyle": [Function],
                        },
                        Object {
                          "onProcessStyle": [Function],
                        },
                      ],
                    },
                    "plugins": PluginsRegistry {
                      "hooks": Object {
                        "onChangeValue": Array [
                          [Function],
                          [Function],
                        ],
                        "onCreateRule": Array [
                          [Function],
                          [Function],
                          [Function],
                          [Function],
                          [Function],
                          [Function],
                          [Function],
                          [Function],
                          [Function],
                          [Function],
                        ],
                        "onProcessRule": Array [
                          [Function],
                          [Function],
                        ],
                        "onProcessSheet": Array [],
                        "onProcessStyle": Array [
                          [Function],
                          [Function],
                          [Function],
                          [Function],
                          [Function],
                          [Function],
                          [Function],
                          [Function],
                        ],
                      },
                    },
                    "version": "8.1.0",
                  },
                  "meta": "Jss(_ContentContainer), Unthemed, Static",
                  "parent": [Circular],
                  "sheet": [Circular],
                },
                "raw": Object {
                  "app": Object {
                    "margin": "auto",
                    "maxWidth": "1200px",
                  },
                },
              },
            }
          }
        >
          <div
            className="app-0-2"
          />
        </_ContentContainer>
      </Jss(_ContentContainer)>
    </div>
  </_Section>
</Jss(_Section)>
`;
